// Jest Snapshot v1, https://goo.gl/fbAQLP

exports[`a grafana instance defaults 1`] = `
Array [
  Object {
    "apiVersion": "integreatly.org/v1alpha1",
    "kind": "Grafana",
    "metadata": Object {
      "labels": Object {
        "app": "grafana",
      },
      "name": "test-my-grafana-c87951cf",
    },
    "spec": Object {
      "baseImage": "public.ecr.aws/ubuntu/grafana:latest",
      "client": Object {
        "preferService": true,
      },
      "config": Object {
        "auth.anonymous": Object {
          "enabled": true,
        },
        "log": Object {
          "level": "debug",
          "mode": "console",
        },
        "security": Object {
          "admin_password": "secret",
          "admin_user": "root",
        },
      },
      "dashboardLabelSelector": Array [
        Object {
          "matchLabels": Object {
            "app": "grafana",
          },
        },
      ],
      "deployment": Object {
        "labels": Object {
          "app": "grafana",
        },
      },
      "ingress": Object {
        "enabled": true,
      },
    },
  },
]
`;
